Dell@Akshay-Supekar-CJC-DESKTOP-27CQOAQ MINGW64 ~/Desktop/CJC Demo
$ git init
Initialized empty Git repository in C:/Users/Dell/Desktop/CJC Demo/.git/

Dell@Akshay-Supekar-CJC-DESKTOP-27CQOAQ MINGW64 ~/Desktop/CJC Demo (master)
$ git inti
git: 'inti' is not a git command. See 'git --help'.

The most similar command is
        init

Dell@Akshay-Supekar-CJC-DESKTOP-27CQOAQ MINGW64 ~/Desktop/CJC Demo (master)
$ git status
On branch master

No commits yet

Untracked files:
  (use "git add <file>..." to include in what will be committed)
        abc.txt

nothing added to commit but untracked files present (use "git add" to track)

Dell@Akshay-Supekar-CJC-DESKTOP-27CQOAQ MINGW64 ~/Desktop/CJC Demo (master)
$ git add abc.txt

Dell@Akshay-Supekar-CJC-DESKTOP-27CQOAQ MINGW64 ~/Desktop/CJC Demo (master)
$ git add *

Dell@Akshay-Supekar-CJC-DESKTOP-27CQOAQ MINGW64 ~/Desktop/CJC Demo (master)
$ git status
On branch master

No commits yet

Changes to be committed:
  (use "git rm --cached <file>..." to unstage)
        new file:   abc.txt


Dell@Akshay-Supekar-CJC-DESKTOP-27CQOAQ MINGW64 ~/Desktop/CJC Demo (master)
$ git log
fatal: your current branch 'master' does not have any commits yet

Dell@Akshay-Supekar-CJC-DESKTOP-27CQOAQ MINGW64 ~/Desktop/CJC Demo (master)
$ git commit -m "first time add abc file"
[master (root-commit) 4a15a8d] first time add abc file
 1 file changed, 1 insertion(+)
 create mode 100644 abc.txt

Dell@Akshay-Supekar-CJC-DESKTOP-27CQOAQ MINGW64 ~/Desktop/CJC Demo (master)
$ git status
On branch master
nothing to commit, working tree clean

Dell@Akshay-Supekar-CJC-DESKTOP-27CQOAQ MINGW64 ~/Desktop/CJC Demo (master)
$ git log
commit 4a15a8d07107cdc5f0706ae2452b5f4fef30d485 (HEAD -> master)
Author: Akshay9623 <akshaysupekar2020@gmail.com>
Date:   Fri Mar 17 10:04:43 2023 +0530

    first time add abc file

Dell@Akshay-Supekar-CJC-DESKTOP-27CQOAQ MINGW64 ~/Desktop/CJC Demo (master)
$ git status
On branch master
Untracked files:
  (use "git add <file>..." to include in what will be committed)
        pqr.txt

nothing added to commit but untracked files present (use "git add" to track)

Dell@Akshay-Supekar-CJC-DESKTOP-27CQOAQ MINGW64 ~/Desktop/CJC Demo (master)
$ git add *

Dell@Akshay-Supekar-CJC-DESKTOP-27CQOAQ MINGW64 ~/Desktop/CJC Demo (master)
$ git status
On branch master
Changes to be committed:
  (use "git restore --staged <file>..." to unstage)
        new file:   pqr.txt


Dell@Akshay-Supekar-CJC-DESKTOP-27CQOAQ MINGW64 ~/Desktop/CJC Demo (master)
$ git commit -m "add file akshay"
[master 954b794] add file akshay
 1 file changed, 1 insertion(+)
 create mode 100644 pqr.txt

Dell@Akshay-Supekar-CJC-DESKTOP-27CQOAQ MINGW64 ~/Desktop/CJC Demo (master)
$ git log
commit 954b79428f920ef7e0fea2272e88a038a270abd1 (HEAD -> master)
Author: Akshay9623 <akshaysupekar2020@gmail.com>
Date:   Fri Mar 17 10:10:38 2023 +0530

    add file akshay

commit 4a15a8d07107cdc5f0706ae2452b5f4fef30d485
Author: Akshay9623 <akshaysupekar2020@gmail.com>
Date:   Fri Mar 17 10:04:43 2023 +0530

    first time add abc file

Dell@Akshay-Supekar-CJC-DESKTOP-27CQOAQ MINGW64 ~/Desktop/CJC Demo (master)
$ git remote add origin "https://github.com/Akshay9623/B151.git"

Dell@Akshay-Supekar-CJC-DESKTOP-27CQOAQ MINGW64 ~/Desktop/CJC Demo (master)
$ git -v
unknown option: -v
usage: git [--version] [--help] [-C <path>] [-c <name>=<value>]
           [--exec-path[=<path>]] [--html-path] [--man-path] [--info-path]
           [-p | --paginate | -P | --no-pager] [--no-replace-objects] [--bare]
           [--git-dir=<path>] [--work-tree=<path>] [--namespace=<name>]
           [--super-prefix=<path>] [--config-env=<name>=<envvar>]
           <command> [<args>]

Dell@Akshay-Supekar-CJC-DESKTOP-27CQOAQ MINGW64 ~/Desktop/CJC Demo (master)
$ git remote origin
error: Unknown subcommand: origin
usage: git remote [-v | --verbose]
   or: git remote add [-t <branch>] [-m <master>] [-f] [--tags | --no-tags] [--mirror=<fetch|push>] <name> <url>
   or: git remote rename [--[no-]progress] <old> <new>
   or: git remote remove <name>
   or: git remote set-head <name> (-a | --auto | -d | --delete | <branch>)
   or: git remote [-v | --verbose] show [-n] <name>
   or: git remote prune [-n | --dry-run] <name>
   or: git remote [-v | --verbose] update [-p | --prune] [(<group> | <remote>)...]
   or: git remote set-branches [--add] <name> <branch>...
   or: git remote get-url [--push] [--all] <name>
   or: git remote set-url [--push] <name> <newurl> [<oldurl>]
   or: git remote set-url --add <name> <newurl>
   or: git remote set-url --delete <name> <url>

    -v, --verbose         be verbose; must be placed before a subcommand


Dell@Akshay-Supekar-CJC-DESKTOP-27CQOAQ MINGW64 ~/Desktop/CJC Demo (master)
$ git remote -v
origin  https://github.com/Akshay9623/B151.git (fetch)
origin  https://github.com/Akshay9623/B151.git (push)

Dell@Akshay-Supekar-CJC-DESKTOP-27CQOAQ MINGW64 ~/Desktop/CJC Demo (master)
$ git push origin master
To https://github.com/Akshay9623/B151.git
 ! [rejected]        master -> master (fetch first)
error: failed to push some refs to 'https://github.com/Akshay9623/B151.git'
hint: Updates were rejected because the remote contains work that you do
hint: not have locally. This is usually caused by another repository pushing
hint: to the same ref. You may want to first integrate the remote changes
hint: (e.g., 'git pull ...') before pushing again.
hint: See the 'Note about fast-forwards' in 'git push --help' for details.

Dell@Akshay-Supekar-CJC-DESKTOP-27CQOAQ MINGW64 ~/Desktop/CJC Demo (master)
$ git push origin master --force
Enumerating objects: 6, done.
Counting objects: 100% (6/6), done.
Delta compression using up to 4 threads
Compressing objects: 100% (3/3), done.
Writing objects: 100% (6/6), 488 bytes | 244.00 KiB/s, done.
Total 6 (delta 0), reused 0 (delta 0), pack-reused 0
To https://github.com/Akshay9623/B151.git
 + e34b7ed...954b794 master -> master (forced update)

Dell@Akshay-Supekar-CJC-DESKTOP-27CQOAQ MINGW64 ~/Desktop/CJC Demo (master)
$ git checkout -b main
Switched to a new branch 'main'

Dell@Akshay-Supekar-CJC-DESKTOP-27CQOAQ MINGW64 ~/Desktop/CJC Demo (main)
$ git checkout master
Switched to branch 'master'

Dell@Akshay-Supekar-CJC-DESKTOP-27CQOAQ MINGW64 ~/Desktop/CJC Demo (master)
$ git branch
  main
* master

Dell@Akshay-Supekar-CJC-DESKTOP-27CQOAQ MINGW64 ~/Desktop/CJC Demo (master)
$ git checkout main
Switched to branch 'main'

Dell@Akshay-Supekar-CJC-DESKTOP-27CQOAQ MINGW64 ~/Desktop/CJC Demo (main)
$ ^C

Dell@Akshay-Supekar-CJC-DESKTOP-27CQOAQ MINGW64 ~/Desktop/CJC Demo (main)
$
